// Jest Snapshot v1, https://goo.gl/fbAQLP

exports[`NosMissions Component snapshot 1`] = `
"<tr><td dir=\\"ltr\\" bgcolor=\\"#ffffff\\" align=\\"center\\" height=\\"100%\\" valign=\\"top\\" width=\\"100%\\" style=\\"padding: 0px 0px;\\"><table role=\\"presentation\\" border=\\"0\\" cellpadding=\\"0\\" cellspacing=\\"0\\" align=\\"center\\" width=\\"100%\\" style=\\"max-width: 780px;\\"><tr><td align=\\"left\\" valign=\\"top\\" style=\\"font-size: 0; padding: 0px 0px;\\"><div class=\\"stack-column\\" style=\\"display: inline-block; margin: 0px -2px; max-width: 200px; min-width: 160px; vertical-align: top; width: 100%;\\"><table role=\\"presentation\\" cellspacing=\\"0\\" cellpadding=\\"0\\" border=\\"0\\" width=\\"100%\\"><tr><td dir=\\"ltr\\" style=\\"padding: 0px 10px 10px 10px;\\"><div style=\\"text-align: center;\\"><img src=\\"https://s3.amazonaws.com/askbob/users/photos/499/big/CINE5355.jpg?1496785442\\" width=\\"100\\" height=\\"\\" border=\\"0\\" alt=\\"alt_text\\" class=\\"center-on-narrow\\" style=\\"width: 100%; max-width: 100px; height: 100px; margin-top: 20px; margin-bottom: 5px; background: rgb(221, 221, 221); font-family: sans-serif; font-size: 15px; line-height: 140%; color: rgb(85, 85, 85);\\"> <h2 style=\\"margin: 0px; font-family: sans-serif; font-size: 20px; line-height: 125%; color: rgb(20, 160, 192); font-weight: normal;\\">
                                            AJU</h2></div><div style=\\"text-align: center;\\"><img src=\\"https://s3.amazonaws.com/askbob/users/photos/446/big/6957364307006043374-account_id_3.jpg?1506000436\\" width=\\"100\\" height=\\"\\" border=\\"0\\" alt=\\"alt_text\\" class=\\"center-on-narrow\\" style=\\"width: 100%; max-width: 100px; height: 100px; margin-top: 20px; margin-bottom: 5px; background: rgb(221, 221, 221); font-family: sans-serif; font-size: 15px; line-height: 140%; color: rgb(85, 85, 85);\\"> <h2 style=\\"margin: 0px; font-family: sans-serif; font-size: 20px; line-height: 125%; color: rgb(20, 160, 192); font-weight: normal;\\">
                                            OUM</h2></div><div style=\\"text-align: center;\\"><img src=\\"https://s3.amazonaws.com/askbob/users/photos/874/big/IMG_20180205_211241.jpg?1523023940\\" width=\\"100\\" height=\\"\\" border=\\"0\\" alt=\\"alt_text\\" class=\\"center-on-narrow\\" style=\\"width: 100%; max-width: 100px; height: 100px; margin-top: 20px; margin-bottom: 5px; background: rgb(221, 221, 221); font-family: sans-serif; font-size: 15px; line-height: 140%; color: rgb(85, 85, 85);\\"> <h2 style=\\"margin: 0px; font-family: sans-serif; font-size: 20px; line-height: 125%; color: rgb(20, 160, 192); font-weight: normal;\\">
                                            IPA</h2></div></td></tr></table></div> <div class=\\"stack-column\\" style=\\"display: inline-block; margin: 0px -2px; max-width: 70%; min-width: 320px; vertical-align: top;\\"><table role=\\"presentation\\" cellspacing=\\"0\\" cellpadding=\\"0\\" border=\\"0\\" width=\\"100%\\"><tr><td dir=\\"ltr\\" class=\\"center-on-narrow\\" style=\\"font-family: sans-serif; font-size: 15px; line-height: 140%; color: rgb(85, 85, 85); padding: 10px 10px 0px; text-align: left;\\"><h2 style=\\"margin: 0px 0px 10px 0px; font-family: sans-serif; font-size: 24px; line-height: 125%; color: rgb(20, 160, 192); font-weight: bold;\\">
                                        ANEF</h2> <p style=\\"margin: 0px 0px 10px 0px;\\"><div>
    Je suis le fichier de mock pour les markdowns;
</div></p> <br></td></tr></table></div></td></tr> <tr><td><hr style=\\"width: 60%; color: rgb(221, 221, 221);\\"></td></tr></table></td></tr>"
`;
