// Jest Snapshot v1, https://goo.gl/fbAQLP

exports[`LogoWebF Component snapshot 1`] = `"<img src=\\"https://drive.google.com/uc?id=13BzL0ExgsfvDpbZsTQe4qq15XS1GS0_4\\" style=\\"width: 100px;\\">"`;
